
📺 [B站模式] 初始化作者采集，UID=52829689，模式=data-only
13:08:24 [urllib3.connectionpool] DEBUG Starting new HTTPS connection (1): api.bilibili.com:443
13:08:24 [urllib3.connectionpool] DEBUG https://api.bilibili.com:443 "GET /x/web-interface/nav HTTP/1.1" 200 None
[*] 正在获取 UP主 (UID:52829689) 的粉丝数信息...
13:08:24 [urllib3.connectionpool] DEBUG https://api.bilibili.com:443 "GET /x/web-interface/card?mid=52829689&photo=1 HTTP/1.1" 200 None
   ✅ 昵称: 某科学的卡面来打 | 粉丝数: 63269
[*] 正在扫描所有视频详情...
13:08:25 [urllib3.connectionpool] DEBUG https://api.bilibili.com:443 "GET /x/space/wbi/arc/search?keyword=&mid=52829689&order=pubdate&pn=1&ps=30&tid=0&wts=1771823305&w_rid=12892ce11e45fb022e7490b0a707fd12 HTTP/1.1" 200 None
   📄 第 1 页: 发现 30 个视频，正在逐个获取详细数据...
13:08:25 [urllib3.connectionpool] DEBUG https://api.bilibili.com:443 "GET /x/web-interface/view?bvid=BV1HnZTBNE9c HTTP/1.1" 200 None
13:08:25 [urllib3.connectionpool] DEBUG https://api.bilibili.com:443 "GET /x/web-interface/view?bvid=BV1LsraBDEWz HTTP/1.1" 200 None
13:08:26 [urllib3.connectionpool] DEBUG https://api.bilibili.com:443 "GET /x/web-interface/view?bvid=BV1dFvZB3EZv HTTP/1.1" 200 None
13:08:26 [urllib3.connectionpool] DEBUG https://api.bilibili.com:443 "GET /x/web-interface/view?bvid=BV1coqzBMEwZ HTTP/1.1" 200 None
13:08:26 [urllib3.connectionpool] DEBUG https://api.bilibili.com:443 "GET /x/web-interface/view?bvid=BV1enmgBiENj HTTP/1.1" 200 None
13:08:27 [urllib3.connectionpool] DEBUG https://api.bilibili.com:443 "GET /x/web-interface/view?bvid=BV1ptUhBLEgA HTTP/1.1" 200 None
13:08:27 [urllib3.connectionpool] DEBUG https://api.bilibili.com:443 "GET /x/web-interface/view?bvid=BV1dyCeBaEqD HTTP/1.1" 200 None
13:08:28 [urllib3.connectionpool] DEBUG https://api.bilibili.com:443 "GET /x/web-interface/view?bvid=BV1S6yrBGE66 HTTP/1.1" 200 None
13:08:28 [urllib3.connectionpool] DEBUG https://api.bilibili.com:443 "GET /x/web-interface/view?bvid=BV1UFsBzPEB3 HTTP/1.1" 200 None
13:08:28 [urllib3.connectionpool] DEBUG https://api.bilibili.com:443 "GET /x/web-interface/view?bvid=BV1P9WCzzETN HTTP/1.1" 200 None
13:08:29 [urllib3.connectionpool] DEBUG https://api.bilibili.com:443 "GET /x/web-interface/view?bvid=BV1Da4xz6EMS HTTP/1.1" 200 None
13:08:29 [urllib3.connectionpool] DEBUG https://api.bilibili.com:443 "GET /x/web-interface/view?bvid=BV123xUz8Edg HTTP/1.1" 200 None
13:08:30 [urllib3.connectionpool] DEBUG https://api.bilibili.com:443 "GET /x/web-interface/view?bvid=BV1WaWgzyEv1 HTTP/1.1" 200 None
13:08:30 [urllib3.connectionpool] DEBUG https://api.bilibili.com:443 "GET /x/web-interface/view?bvid=BV1wFaazxEUF HTTP/1.1" 200 None
13:08:30 [urllib3.connectionpool] DEBUG https://api.bilibili.com:443 "GET /x/web-interface/view?bvid=BV1vfevzbE1p HTTP/1.1" 200 None
13:08:31 [urllib3.connectionpool] DEBUG https://api.bilibili.com:443 "GET /x/web-interface/view?bvid=BV17EetzCEWW HTTP/1.1" 200 None
13:08:31 [urllib3.connectionpool] DEBUG https://api.bilibili.com:443 "GET /x/web-interface/view?bvid=BV1ZJYYzWEaE HTTP/1.1" 200 None
13:08:32 [urllib3.connectionpool] DEBUG https://api.bilibili.com:443 "GET /x/web-interface/view?bvid=BV15nbPz4Enw HTTP/1.1" 200 None
13:08:32 [urllib3.connectionpool] DEBUG https://api.bilibili.com:443 "GET /x/web-interface/view?bvid=BV138tnzhErh HTTP/1.1" 200 None
13:08:33 [urllib3.connectionpool] DEBUG https://api.bilibili.com:443 "GET /x/web-interface/view?bvid=BV1k1htz5Eth HTTP/1.1" 200 None
13:08:33 [urllib3.connectionpool] DEBUG https://api.bilibili.com:443 "GET /x/web-interface/view?bvid=BV1sshJzdEUp HTTP/1.1" 200 None
13:08:33 [urllib3.connectionpool] DEBUG https://api.bilibili.com:443 "GET /x/web-interface/view?bvid=BV1PtbDzMET8 HTTP/1.1" 200 None
13:08:34 [urllib3.connectionpool] DEBUG https://api.bilibili.com:443 "GET /x/web-interface/view?bvid=BV1uUu1zSEq5 HTTP/1.1" 200 None
13:08:34 [urllib3.connectionpool] DEBUG https://api.bilibili.com:443 "GET /x/web-interface/view?bvid=BV1h5u7zuE8X HTTP/1.1" 200 None
13:08:35 [urllib3.connectionpool] DEBUG https://api.bilibili.com:443 "GET /x/web-interface/view?bvid=BV13t3LzzEPX HTTP/1.1" 200 None
13:08:35 [urllib3.connectionpool] DEBUG https://api.bilibili.com:443 "GET /x/web-interface/view?bvid=BV1unKyzuEaQ HTTP/1.1" 200 None
13:08:36 [urllib3.connectionpool] DEBUG https://api.bilibili.com:443 "GET /x/web-interface/view?bvid=BV1btKqznE8m HTTP/1.1" 200 None
13:08:36 [urllib3.connectionpool] DEBUG https://api.bilibili.com:443 "GET /x/web-interface/view?bvid=BV1bsKGzjEht HTTP/1.1" 200 None
13:08:36 [urllib3.connectionpool] DEBUG https://api.bilibili.com:443 "GET /x/web-interface/view?bvid=BV1wEKwz6EpT HTTP/1.1" 200 None
13:08:37 [urllib3.connectionpool] DEBUG https://api.bilibili.com:443 "GET /x/web-interface/view?bvid=BV14EMCzBE1F HTTP/1.1" 200 None
13:08:39 [urllib3.connectionpool] DEBUG https://api.bilibili.com:443 "GET /x/space/wbi/arc/search?keyword=&mid=52829689&order=pubdate&pn=2&ps=30&tid=0&wts=1771823319&w_rid=523f96a6b9005d4ce3f162bf60f43953 HTTP/1.1" 200 None
   📄 第 2 页: 发现 30 个视频，正在逐个获取详细数据...
13:08:39 [urllib3.connectionpool] DEBUG https://api.bilibili.com:443 "GET /x/web-interface/view?bvid=BV1h17JzNE2r HTTP/1.1" 200 None
13:08:39 [urllib3.connectionpool] DEBUG https://api.bilibili.com:443 "GET /x/web-interface/view?bvid=BV1LNJPzNETG HTTP/1.1" 200 None
13:08:40 [urllib3.connectionpool] DEBUG https://api.bilibili.com:443 "GET /x/web-interface/view?bvid=BV1dd7XziEyk HTTP/1.1" 200 None
13:08:40 [urllib3.connectionpool] DEBUG https://api.bilibili.com:443 "GET /x/web-interface/view?bvid=BV1brVozZEix HTTP/1.1" 200 None
13:08:41 [urllib3.connectionpool] DEBUG https://api.bilibili.com:443 "GET /x/web-interface/view?bvid=BV1YJVxzkELm HTTP/1.1" 200 None
13:08:41 [urllib3.connectionpool] DEBUG https://api.bilibili.com:443 "GET /x/web-interface/view?bvid=BV1tVGezREJP HTTP/1.1" 200 None
13:08:41 [urllib3.connectionpool] DEBUG https://api.bilibili.com:443 "GET /x/web-interface/view?bvid=BV15ZG9z4Ex7 HTTP/1.1" 200 None
13:08:42 [urllib3.connectionpool] DEBUG https://api.bilibili.com:443 "GET /x/web-interface/view?bvid=BV1WxLozdEvw HTTP/1.1" 200 None
13:08:42 [urllib3.connectionpool] DEBUG https://api.bilibili.com:443 "GET /x/web-interface/view?bvid=BV1KD5kzJEoD HTTP/1.1" 200 None
13:08:43 [urllib3.connectionpool] DEBUG https://api.bilibili.com:443 "GET /x/web-interface/view?bvid=BV1g9dRYDEEo HTTP/1.1" 200 None
13:08:43 [urllib3.connectionpool] DEBUG https://api.bilibili.com:443 "GET /x/web-interface/view?bvid=BV1XKZdYbE7y HTTP/1.1" 200 None
13:08:43 [urllib3.connectionpool] DEBUG https://api.bilibili.com:443 "GET /x/web-interface/view?bvid=BV141XzYcEfg HTTP/1.1" 200 None
13:08:44 [urllib3.connectionpool] DEBUG https://api.bilibili.com:443 "GET /x/web-interface/view?bvid=BV1kVQgYvEaw HTTP/1.1" 200 None
13:08:44 [urllib3.connectionpool] DEBUG https://api.bilibili.com:443 "GET /x/web-interface/view?bvid=BV16o9CYwELM HTTP/1.1" 200 None
13:08:45 [urllib3.connectionpool] DEBUG https://api.bilibili.com:443 "GET /x/web-interface/view?bvid=BV1Ht9MYNEan HTTP/1.1" 200 None
13:08:45 [urllib3.connectionpool] DEBUG https://api.bilibili.com:443 "GET /x/web-interface/view?bvid=BV1MYPNehEf7 HTTP/1.1" 200 None
13:08:45 [urllib3.connectionpool] DEBUG https://api.bilibili.com:443 "GET /x/web-interface/view?bvid=BV1UzAAe9EXL HTTP/1.1" 200 None
13:08:46 [urllib3.connectionpool] DEBUG https://api.bilibili.com:443 "GET /x/web-interface/view?bvid=BV1BvNGeKEoV HTTP/1.1" 200 None
13:08:46 [urllib3.connectionpool] DEBUG https://api.bilibili.com:443 "GET /x/web-interface/view?bvid=BV1ncPdesEwa HTTP/1.1" 200 None
13:08:47 [urllib3.connectionpool] DEBUG https://api.bilibili.com:443 "GET /x/web-interface/view?bvid=BV1dAFPe4EgG HTTP/1.1" 200 None
13:08:47 [urllib3.connectionpool] DEBUG https://api.bilibili.com:443 "GET /x/web-interface/view?bvid=BV1Kzf7Y7EUg HTTP/1.1" 200 None
13:08:48 [urllib3.connectionpool] DEBUG https://api.bilibili.com:443 "GET /x/web-interface/view?bvid=BV113wgeAEb6 HTTP/1.1" 200 None
13:08:48 [urllib3.connectionpool] DEBUG https://api.bilibili.com:443 "GET /x/web-interface/view?bvid=BV1XKcHeGE7X HTTP/1.1" 200 None
13:08:49 [urllib3.connectionpool] DEBUG https://api.bilibili.com:443 "GET /x/web-interface/view?bvid=BV1dKrpYaEBH HTTP/1.1" 200 None
13:08:49 [urllib3.connectionpool] DEBUG https://api.bilibili.com:443 "GET /x/web-interface/view?bvid=BV1aCCbYEEJX HTTP/1.1" 200 None
13:08:49 [urllib3.connectionpool] DEBUG https://api.bilibili.com:443 "GET /x/web-interface/view?bvid=BV1vPkSYkECd HTTP/1.1" 200 None
13:08:50 [urllib3.connectionpool] DEBUG https://api.bilibili.com:443 "GET /x/web-interface/view?bvid=BV1Q4BgYUEzK HTTP/1.1" 200 None
13:08:50 [urllib3.connectionpool] DEBUG https://api.bilibili.com:443 "GET /x/web-interface/view?bvid=BV1oozjYjEi5 HTTP/1.1" 200 None
13:08:50 [urllib3.connectionpool] DEBUG https://api.bilibili.com:443 "GET /x/web-interface/view?bvid=BV1rQBvYzEQq HTTP/1.1" 200 None
13:08:51 [urllib3.connectionpool] DEBUG https://api.bilibili.com:443 "GET /x/web-interface/view?bvid=BV14cDoYTEy5 HTTP/1.1" 200 None
13:08:53 [urllib3.connectionpool] DEBUG https://api.bilibili.com:443 "GET /x/space/wbi/arc/search?keyword=&mid=52829689&order=pubdate&pn=3&ps=30&tid=0&wts=1771823333&w_rid=674ee358659c2ac63dc5dd21b78fd797 HTTP/1.1" 200 None
   📄 第 3 页: 发现 30 个视频，正在逐个获取详细数据...
13:08:53 [urllib3.connectionpool] DEBUG https://api.bilibili.com:443 "GET /x/web-interface/view?bvid=BV13iykYsEek HTTP/1.1" 200 None
13:08:54 [urllib3.connectionpool] DEBUG https://api.bilibili.com:443 "GET /x/web-interface/view?bvid=BV1d1mjYAEV4 HTTP/1.1" 200 None
13:08:54 [urllib3.connectionpool] DEBUG https://api.bilibili.com:443 "GET /x/web-interface/view?bvid=BV1vU1fY5Ehr HTTP/1.1" 200 None
13:08:55 [urllib3.connectionpool] DEBUG https://api.bilibili.com:443 "GET /x/web-interface/view?bvid=BV1nGxaeLEWK HTTP/1.1" 200 None
13:08:55 [urllib3.connectionpool] DEBUG https://api.bilibili.com:443 "GET /x/web-interface/view?bvid=BV1JNtQezEv6 HTTP/1.1" 200 None
13:08:56 [urllib3.connectionpool] DEBUG https://api.bilibili.com:443 "GET /x/web-interface/view?bvid=BV1kr41edEA7 HTTP/1.1" 200 None
13:08:56 [urllib3.connectionpool] DEBUG https://api.bilibili.com:443 "GET /x/web-interface/view?bvid=BV1Fv48e1EsG HTTP/1.1" 200 None
13:08:57 [urllib3.connectionpool] DEBUG https://api.bilibili.com:443 "GET /x/web-interface/view?bvid=BV1ASnde6EFL HTTP/1.1" 200 None
13:08:57 [urllib3.connectionpool] DEBUG https://api.bilibili.com:443 "GET /x/web-interface/view?bvid=BV1ew4m1k7QU HTTP/1.1" 200 None
13:08:57 [urllib3.connectionpool] DEBUG https://api.bilibili.com:443 "GET /x/web-interface/view?bvid=BV1w4421f7V3 HTTP/1.1" 200 None
13:08:58 [urllib3.connectionpool] DEBUG https://api.bilibili.com:443 "GET /x/web-interface/view?bvid=BV1gi421a7fv HTTP/1.1" 200 None
13:08:58 [urllib3.connectionpool] DEBUG https://api.bilibili.com:443 "GET /x/web-interface/view?bvid=BV1Ry411e7Pi HTTP/1.1" 200 None
13:08:58 [urllib3.connectionpool] DEBUG https://api.bilibili.com:443 "GET /x/web-interface/view?bvid=BV12H4y1c7h2 HTTP/1.1" 200 None
13:08:59 [urllib3.connectionpool] DEBUG https://api.bilibili.com:443 "GET /x/web-interface/view?bvid=BV111421b7jt HTTP/1.1" 200 None
13:08:59 [urllib3.connectionpool] DEBUG https://api.bilibili.com:443 "GET /x/web-interface/view?bvid=BV1jJ4m1M7RG HTTP/1.1" 200 None
13:09:00 [urllib3.connectionpool] DEBUG https://api.bilibili.com:443 "GET /x/web-interface/view?bvid=BV1ns421M7eS HTTP/1.1" 200 None
13:09:00 [urllib3.connectionpool] DEBUG https://api.bilibili.com:443 "GET /x/web-interface/view?bvid=BV1YZ421g7N2 HTTP/1.1" 200 None
13:09:00 [urllib3.connectionpool] DEBUG https://api.bilibili.com:443 "GET /x/web-interface/view?bvid=BV1of421X7ge HTTP/1.1" 200 None
13:09:01 [urllib3.connectionpool] DEBUG https://api.bilibili.com:443 "GET /x/web-interface/view?bvid=BV1Ks421u7py HTTP/1.1" 200 None
13:09:01 [urllib3.connectionpool] DEBUG https://api.bilibili.com:443 "GET /x/web-interface/view?bvid=BV1Es421g7Vx HTTP/1.1" 200 None
13:09:02 [urllib3.connectionpool] DEBUG https://api.bilibili.com:443 "GET /x/web-interface/view?bvid=BV1GD421G7zP HTTP/1.1" 200 None
13:09:02 [urllib3.connectionpool] DEBUG https://api.bilibili.com:443 "GET /x/web-interface/view?bvid=BV1cs421P765 HTTP/1.1" 200 None
13:09:03 [urllib3.connectionpool] DEBUG https://api.bilibili.com:443 "GET /x/web-interface/view?bvid=BV1EM4m1C7Sb HTTP/1.1" 200 None
13:09:03 [urllib3.connectionpool] DEBUG https://api.bilibili.com:443 "GET /x/web-interface/view?bvid=BV1ix4y1q7qu HTTP/1.1" 200 None
13:09:03 [urllib3.connectionpool] DEBUG https://api.bilibili.com:443 "GET /x/web-interface/view?bvid=BV1E1421X72F HTTP/1.1" 200 None
13:09:04 [urllib3.connectionpool] DEBUG https://api.bilibili.com:443 "GET /x/web-interface/view?bvid=BV1LH4y1P73c HTTP/1.1" 200 None
13:09:04 [urllib3.connectionpool] DEBUG https://api.bilibili.com:443 "GET /x/web-interface/view?bvid=BV1kJ4m1n7Ji HTTP/1.1" 200 None
13:09:05 [urllib3.connectionpool] DEBUG https://api.bilibili.com:443 "GET /x/web-interface/view?bvid=BV1Dz421C7Bh HTTP/1.1" 200 None
13:09:05 [urllib3.connectionpool] DEBUG https://api.bilibili.com:443 "GET /x/web-interface/view?bvid=BV1jx421D76K HTTP/1.1" 200 None
13:09:05 [urllib3.connectionpool] DEBUG https://api.bilibili.com:443 "GET /x/web-interface/view?bvid=BV1ym411k7Nb HTTP/1.1" 200 None
13:09:08 [urllib3.connectionpool] DEBUG https://api.bilibili.com:443 "GET /x/space/wbi/arc/search?keyword=&mid=52829689&order=pubdate&pn=4&ps=30&tid=0&wts=1771823348&w_rid=afe1f4580ea13afd1762363b162deede HTTP/1.1" 200 None
   📄 第 4 页: 发现 30 个视频，正在逐个获取详细数据...
13:09:08 [urllib3.connectionpool] DEBUG https://api.bilibili.com:443 "GET /x/web-interface/view?bvid=BV12H4y1p7Eu HTTP/1.1" 200 None
13:09:08 [urllib3.connectionpool] DEBUG https://api.bilibili.com:443 "GET /x/web-interface/view?bvid=BV11H4y1W7Nu HTTP/1.1" 200 None
13:09:08 [urllib3.connectionpool] DEBUG https://api.bilibili.com:443 "GET /x/web-interface/view?bvid=BV17x42117F4 HTTP/1.1" 200 None
13:09:09 [urllib3.connectionpool] DEBUG https://api.bilibili.com:443 "GET /x/web-interface/view?bvid=BV1c4421F7cr HTTP/1.1" 200 None
13:09:09 [urllib3.connectionpool] DEBUG Resetting dropped connection: api.bilibili.com
13:09:09 [urllib3.connectionpool] DEBUG https://api.bilibili.com:443 "GET /x/web-interface/view?bvid=BV1fz421R7CF HTTP/1.1" 200 None
13:09:10 [urllib3.connectionpool] DEBUG https://api.bilibili.com:443 "GET /x/web-interface/view?bvid=BV1BZ421U7DU HTTP/1.1" 200 None
13:09:10 [urllib3.connectionpool] DEBUG https://api.bilibili.com:443 "GET /x/web-interface/view?bvid=BV1Xy421a71w HTTP/1.1" 200 None
13:09:11 [urllib3.connectionpool] DEBUG https://api.bilibili.com:443 "GET /x/web-interface/view?bvid=BV12b4y1A76G HTTP/1.1" 200 None
13:09:11 [urllib3.connectionpool] DEBUG https://api.bilibili.com:443 "GET /x/web-interface/view?bvid=BV1zZ4y1J7Kq HTTP/1.1" 200 None
13:09:12 [urllib3.connectionpool] DEBUG https://api.bilibili.com:443 "GET /x/web-interface/view?bvid=BV1BK411s7ri HTTP/1.1" 200 None
13:09:12 [urllib3.connectionpool] DEBUG https://api.bilibili.com:443 "GET /x/web-interface/view?bvid=BV1eK411t719 HTTP/1.1" 200 None
13:09:12 [urllib3.connectionpool] DEBUG https://api.bilibili.com:443 "GET /x/web-interface/view?bvid=BV1Ww41147hv HTTP/1.1" 200 None
13:09:13 [urllib3.connectionpool] DEBUG https://api.bilibili.com:443 "GET /x/web-interface/view?bvid=BV1ZN4y1h7VJ HTTP/1.1" 200 None
13:09:13 [urllib3.connectionpool] DEBUG https://api.bilibili.com:443 "GET /x/web-interface/view?bvid=BV1Qc411q7BU HTTP/1.1" 200 None
13:09:14 [urllib3.connectionpool] DEBUG https://api.bilibili.com:443 "GET /x/web-interface/view?bvid=BV1kg4y197Cv HTTP/1.1" 200 None
13:09:14 [urllib3.connectionpool] DEBUG https://api.bilibili.com:443 "GET /x/web-interface/view?bvid=BV1r84y1Q767 HTTP/1.1" 200 None
13:09:15 [urllib3.connectionpool] DEBUG https://api.bilibili.com:443 "GET /x/web-interface/view?bvid=BV13u4y1J76M HTTP/1.1" 200 None
13:09:15 [urllib3.connectionpool] DEBUG https://api.bilibili.com:443 "GET /x/web-interface/view?bvid=BV1NN4y1k7Wr HTTP/1.1" 200 None
13:09:16 [urllib3.connectionpool] DEBUG https://api.bilibili.com:443 "GET /x/web-interface/view?bvid=BV1eN411x7u2 HTTP/1.1" 200 None
13:09:16 [urllib3.connectionpool] DEBUG https://api.bilibili.com:443 "GET /x/web-interface/view?bvid=BV13u4y1s7DN HTTP/1.1" 200 None
13:09:17 [urllib3.connectionpool] DEBUG https://api.bilibili.com:443 "GET /x/web-interface/view?bvid=BV1N8411y7BS HTTP/1.1" 200 None
13:09:17 [urllib3.connectionpool] DEBUG https://api.bilibili.com:443 "GET /x/web-interface/view?bvid=BV1DC4y1o7E8 HTTP/1.1" 200 None
13:09:17 [urllib3.connectionpool] DEBUG https://api.bilibili.com:443 "GET /x/web-interface/view?bvid=BV11m4y157sm HTTP/1.1" 200 None
13:09:18 [urllib3.connectionpool] DEBUG https://api.bilibili.com:443 "GET /x/web-interface/view?bvid=BV1d8411i7ET HTTP/1.1" 200 None
13:09:18 [urllib3.connectionpool] DEBUG https://api.bilibili.com:443 "GET /x/web-interface/view?bvid=BV1Kz4y1T7x1 HTTP/1.1" 200 None
13:09:18 [urllib3.connectionpool] DEBUG https://api.bilibili.com:443 "GET /x/web-interface/view?bvid=BV1o8411Q7tJ HTTP/1.1" 200 None
13:09:19 [urllib3.connectionpool] DEBUG https://api.bilibili.com:443 "GET /x/web-interface/view?bvid=BV1ch4y1D7E5 HTTP/1.1" 200 None
13:09:19 [urllib3.connectionpool] DEBUG https://api.bilibili.com:443 "GET /x/web-interface/view?bvid=BV1RF411o7u9 HTTP/1.1" 200 None
13:09:20 [urllib3.connectionpool] DEBUG https://api.bilibili.com:443 "GET /x/web-interface/view?bvid=BV1Hm4y1x7t2 HTTP/1.1" 200 None
13:09:20 [urllib3.connectionpool] DEBUG https://api.bilibili.com:443 "GET /x/web-interface/view?bvid=BV1wX4y1E7GW HTTP/1.1" 200 None
13:09:22 [urllib3.connectionpool] DEBUG https://api.bilibili.com:443 "GET /x/space/wbi/arc/search?keyword=&mid=52829689&order=pubdate&pn=5&ps=30&tid=0&wts=1771823363&w_rid=9c98d53bf78627279b6ff05640aea457 HTTP/1.1" 200 None
   📄 第 5 页: 发现 30 个视频，正在逐个获取详细数据...
13:09:22 [urllib3.connectionpool] DEBUG https://api.bilibili.com:443 "GET /x/web-interface/view?bvid=BV14u411L7WM HTTP/1.1" 200 None
13:09:23 [urllib3.connectionpool] DEBUG https://api.bilibili.com:443 "GET /x/web-interface/view?bvid=BV1Uj411o7BE HTTP/1.1" 200 None
13:09:23 [urllib3.connectionpool] DEBUG https://api.bilibili.com:443 "GET /x/web-interface/view?bvid=BV17s4y1c7e9 HTTP/1.1" 200 None
13:09:24 [urllib3.connectionpool] DEBUG https://api.bilibili.com:443 "GET /x/web-interface/view?bvid=BV1r14y127xz HTTP/1.1" 200 None
13:09:24 [urllib3.connectionpool] DEBUG https://api.bilibili.com:443 "GET /x/web-interface/view?bvid=BV1ec411M7XA HTTP/1.1" 200 None
13:09:25 [urllib3.connectionpool] DEBUG https://api.bilibili.com:443 "GET /x/web-interface/view?bvid=BV1gs4y1y7fk HTTP/1.1" 200 None
13:09:25 [urllib3.connectionpool] DEBUG https://api.bilibili.com:443 "GET /x/web-interface/view?bvid=BV1XX4y1t7XH HTTP/1.1" 200 None
13:09:25 [urllib3.connectionpool] DEBUG https://api.bilibili.com:443 "GET /x/web-interface/view?bvid=BV1Am4y1b7qV HTTP/1.1" 200 None
13:09:26 [urllib3.connectionpool] DEBUG https://api.bilibili.com:443 "GET /x/web-interface/view?bvid=BV1yo4y1F71a HTTP/1.1" 200 None
13:09:26 [urllib3.connectionpool] DEBUG https://api.bilibili.com:443 "GET /x/web-interface/view?bvid=BV1jT411t7oz HTTP/1.1" 200 None
13:09:26 [urllib3.connectionpool] DEBUG https://api.bilibili.com:443 "GET /x/web-interface/view?bvid=BV1ba4y1G7ge HTTP/1.1" 200 None
13:09:27 [urllib3.connectionpool] DEBUG https://api.bilibili.com:443 "GET /x/web-interface/view?bvid=BV19X4y1m7A6 HTTP/1.1" 200 None
13:09:27 [urllib3.connectionpool] DEBUG https://api.bilibili.com:443 "GET /x/web-interface/view?bvid=BV1ov4y1E7fJ HTTP/1.1" 200 None
13:09:28 [urllib3.connectionpool] DEBUG https://api.bilibili.com:443 "GET /x/web-interface/view?bvid=BV13o4y18715 HTTP/1.1" 200 None
13:09:28 [urllib3.connectionpool] DEBUG https://api.bilibili.com:443 "GET /x/web-interface/view?bvid=BV1yV4y1f7nc HTTP/1.1" 200 None
13:09:28 [urllib3.connectionpool] DEBUG https://api.bilibili.com:443 "GET /x/web-interface/view?bvid=BV1oh411g7Cx HTTP/1.1" 200 None
13:09:29 [urllib3.connectionpool] DEBUG https://api.bilibili.com:443 "GET /x/web-interface/view?bvid=BV1dM4y1B75n HTTP/1.1" 200 None
13:09:29 [urllib3.connectionpool] DEBUG https://api.bilibili.com:443 "GET /x/web-interface/view?bvid=BV1Mo4y1z7at HTTP/1.1" 200 None
13:09:30 [urllib3.connectionpool] DEBUG https://api.bilibili.com:443 "GET /x/web-interface/view?bvid=BV1B24y137kg HTTP/1.1" 200 None
13:09:30 [urllib3.connectionpool] DEBUG https://api.bilibili.com:443 "GET /x/web-interface/view?bvid=BV1T84y1n7ek HTTP/1.1" 200 None
13:09:30 [urllib3.connectionpool] DEBUG https://api.bilibili.com:443 "GET /x/web-interface/view?bvid=BV19o4y1i7Qm HTTP/1.1" 200 None
13:09:31 [urllib3.connectionpool] DEBUG https://api.bilibili.com:443 "GET /x/web-interface/view?bvid=BV1QR4y1q78b HTTP/1.1" 200 None
13:09:31 [urllib3.connectionpool] DEBUG https://api.bilibili.com:443 "GET /x/web-interface/view?bvid=BV1X341197Nd HTTP/1.1" 200 None
13:09:32 [urllib3.connectionpool] DEBUG https://api.bilibili.com:443 "GET /x/web-interface/view?bvid=BV11841137eL HTTP/1.1" 200 None
13:09:32 [urllib3.connectionpool] DEBUG https://api.bilibili.com:443 "GET /x/web-interface/view?bvid=BV1wY411X7xv HTTP/1.1" 200 None
13:09:32 [urllib3.connectionpool] DEBUG https://api.bilibili.com:443 "GET /x/web-interface/view?bvid=BV1JM411b7GM HTTP/1.1" 200 None
13:09:33 [urllib3.connectionpool] DEBUG https://api.bilibili.com:443 "GET /x/web-interface/view?bvid=BV1ZR4y127TH HTTP/1.1" 200 None
13:09:33 [urllib3.connectionpool] DEBUG https://api.bilibili.com:443 "GET /x/web-interface/view?bvid=BV1Q3411D7ti HTTP/1.1" 200 None
13:09:34 [urllib3.connectionpool] DEBUG https://api.bilibili.com:443 "GET /x/web-interface/view?bvid=BV1BK411B71J HTTP/1.1" 200 None
13:09:34 [urllib3.connectionpool] DEBUG https://api.bilibili.com:443 "GET /x/web-interface/view?bvid=BV11W4y1T7H6 HTTP/1.1" 200 None
13:09:36 [urllib3.connectionpool] DEBUG https://api.bilibili.com:443 "GET /x/space/wbi/arc/search?keyword=&mid=52829689&order=pubdate&pn=6&ps=30&tid=0&wts=1771823376&w_rid=ae55c5fc1d53e5bc9d6e0f002f57bc2f HTTP/1.1" 200 None
   📄 第 6 页: 发现 30 个视频，正在逐个获取详细数据...
13:09:36 [urllib3.connectionpool] DEBUG https://api.bilibili.com:443 "GET /x/web-interface/view?bvid=BV1T24y1D7q4 HTTP/1.1" 200 None
13:09:37 [urllib3.connectionpool] DEBUG https://api.bilibili.com:443 "GET /x/web-interface/view?bvid=BV17M411z7RF HTTP/1.1" 200 None
13:09:37 [urllib3.connectionpool] DEBUG https://api.bilibili.com:443 "GET /x/web-interface/view?bvid=BV1u24y1k7qQ HTTP/1.1" 200 None
13:09:37 [urllib3.connectionpool] DEBUG https://api.bilibili.com:443 "GET /x/web-interface/view?bvid=BV1b14y1n7xP HTTP/1.1" 200 None
13:09:38 [urllib3.connectionpool] DEBUG https://api.bilibili.com:443 "GET /x/web-interface/view?bvid=BV1qP411g7UJ HTTP/1.1" 200 None
13:09:38 [urllib3.connectionpool] DEBUG https://api.bilibili.com:443 "GET /x/web-interface/view?bvid=BV1424y127N5 HTTP/1.1" 200 None
13:09:39 [urllib3.connectionpool] DEBUG https://api.bilibili.com:443 "GET /x/web-interface/view?bvid=BV1RK411m7Qn HTTP/1.1" 200 None
13:09:39 [urllib3.connectionpool] DEBUG https://api.bilibili.com:443 "GET /x/web-interface/view?bvid=BV1g24y1273B HTTP/1.1" 200 None
13:09:39 [urllib3.connectionpool] DEBUG https://api.bilibili.com:443 "GET /x/web-interface/view?bvid=BV1oD4y147hU HTTP/1.1" 200 None
13:09:40 [urllib3.connectionpool] DEBUG https://api.bilibili.com:443 "GET /x/web-interface/view?bvid=BV1Pd4y1173i HTTP/1.1" 200 None
13:09:40 [urllib3.connectionpool] DEBUG https://api.bilibili.com:443 "GET /x/web-interface/view?bvid=BV1WV4y157tK HTTP/1.1" 200 None
13:09:41 [urllib3.connectionpool] DEBUG https://api.bilibili.com:443 "GET /x/web-interface/view?bvid=BV1te4y1S7ns HTTP/1.1" 200 None
13:09:41 [urllib3.connectionpool] DEBUG https://api.bilibili.com:443 "GET /x/web-interface/view?bvid=BV1w8411x7J4 HTTP/1.1" 200 None
13:09:42 [urllib3.connectionpool] DEBUG https://api.bilibili.com:443 "GET /x/web-interface/view?bvid=BV1DR4y1R7AV HTTP/1.1" 200 None
13:09:42 [urllib3.connectionpool] DEBUG https://api.bilibili.com:443 "GET /x/web-interface/view?bvid=BV1HW4y1v7gQ HTTP/1.1" 200 None
13:09:43 [urllib3.connectionpool] DEBUG https://api.bilibili.com:443 "GET /x/web-interface/view?bvid=BV1hB4y1E7Gh HTTP/1.1" 200 None
13:09:43 [urllib3.connectionpool] DEBUG https://api.bilibili.com:443 "GET /x/web-interface/view?bvid=BV1TV4y1g7ci HTTP/1.1" 200 None
13:09:44 [urllib3.connectionpool] DEBUG https://api.bilibili.com:443 "GET /x/web-interface/view?bvid=BV1CY4y1T7QM HTTP/1.1" 200 None
13:09:44 [urllib3.connectionpool] DEBUG https://api.bilibili.com:443 "GET /x/web-interface/view?bvid=BV1iB4y1V7Vg HTTP/1.1" 200 None
13:09:44 [urllib3.connectionpool] DEBUG https://api.bilibili.com:443 "GET /x/web-interface/view?bvid=BV1Sa411V7Hu HTTP/1.1" 200 None
13:09:45 [urllib3.connectionpool] DEBUG https://api.bilibili.com:443 "GET /x/web-interface/view?bvid=BV1GV4y147kH HTTP/1.1" 200 None
13:09:45 [urllib3.connectionpool] DEBUG https://api.bilibili.com:443 "GET /x/web-interface/view?bvid=BV1na411f77M HTTP/1.1" 200 None
13:09:46 [urllib3.connectionpool] DEBUG https://api.bilibili.com:443 "GET /x/web-interface/view?bvid=BV1UG4y1i79i HTTP/1.1" 200 None
13:09:46 [urllib3.connectionpool] DEBUG https://api.bilibili.com:443 "GET /x/web-interface/view?bvid=BV1SB4y1Y7we HTTP/1.1" 200 None
13:09:47 [urllib3.connectionpool] DEBUG https://api.bilibili.com:443 "GET /x/web-interface/view?bvid=BV1fS4y1E74z HTTP/1.1" 200 None
13:09:47 [urllib3.connectionpool] DEBUG https://api.bilibili.com:443 "GET /x/web-interface/view?bvid=BV1jB4y1H71W HTTP/1.1" 200 None
13:09:47 [urllib3.connectionpool] DEBUG https://api.bilibili.com:443 "GET /x/web-interface/view?bvid=BV1PY4y1n7zV HTTP/1.1" 200 None
13:09:48 [urllib3.connectionpool] DEBUG https://api.bilibili.com:443 "GET /x/web-interface/view?bvid=BV1JY4y1g7MC HTTP/1.1" 200 None
13:09:48 [urllib3.connectionpool] DEBUG https://api.bilibili.com:443 "GET /x/web-interface/view?bvid=BV1XY4y1G7zf HTTP/1.1" 200 None
13:09:49 [urllib3.connectionpool] DEBUG https://api.bilibili.com:443 "GET /x/web-interface/view?bvid=BV1DS4y1v7km HTTP/1.1" 200 None
13:09:51 [urllib3.connectionpool] DEBUG https://api.bilibili.com:443 "GET /x/space/wbi/arc/search?keyword=&mid=52829689&order=pubdate&pn=7&ps=30&tid=0&wts=1771823391&w_rid=1a8795b1f0caddea2faf48ef5c63514c HTTP/1.1" 200 None
   📄 第 7 页: 发现 30 个视频，正在逐个获取详细数据...
13:09:51 [urllib3.connectionpool] DEBUG https://api.bilibili.com:443 "GET /x/web-interface/view?bvid=BV1Q54y1d7Gp HTTP/1.1" 200 None
13:09:51 [urllib3.connectionpool] DEBUG https://api.bilibili.com:443 "GET /x/web-interface/view?bvid=BV1bU4y1m7X5 HTTP/1.1" 200 None
13:09:52 [urllib3.connectionpool] DEBUG https://api.bilibili.com:443 "GET /x/web-interface/view?bvid=BV1HB4y1278M HTTP/1.1" 200 None
13:09:52 [urllib3.connectionpool] DEBUG https://api.bilibili.com:443 "GET /x/web-interface/view?bvid=BV1FY4y1e7jK HTTP/1.1" 200 None
13:09:52 [urllib3.connectionpool] DEBUG https://api.bilibili.com:443 "GET /x/web-interface/view?bvid=BV1ji4y1m7Vf HTTP/1.1" 200 None
13:09:54 [urllib3.connectionpool] DEBUG https://api.bilibili.com:443 "GET /x/web-interface/view?bvid=BV1aY4y1W7xB HTTP/1.1" 200 None
13:09:54 [urllib3.connectionpool] DEBUG https://api.bilibili.com:443 "GET /x/web-interface/view?bvid=BV1RZ4y1m7gz HTTP/1.1" 200 None
13:09:55 [urllib3.connectionpool] DEBUG https://api.bilibili.com:443 "GET /x/web-interface/view?bvid=BV1DZ4y1B7Sf HTTP/1.1" 200 None
13:09:55 [urllib3.connectionpool] DEBUG https://api.bilibili.com:443 "GET /x/web-interface/view?bvid=BV1aL411P7ey HTTP/1.1" 200 None
13:09:55 [urllib3.connectionpool] DEBUG https://api.bilibili.com:443 "GET /x/web-interface/view?bvid=BV12i4y1y7tH HTTP/1.1" 200 None
13:09:56 [urllib3.connectionpool] DEBUG https://api.bilibili.com:443 "GET /x/web-interface/view?bvid=BV11S4y1F7rv HTTP/1.1" 200 None
13:09:56 [urllib3.connectionpool] DEBUG Resetting dropped connection: api.bilibili.com
13:09:56 [urllib3.connectionpool] DEBUG https://api.bilibili.com:443 "GET /x/web-interface/view?bvid=BV14F411E7k4 HTTP/1.1" 200 None
13:09:57 [urllib3.connectionpool] DEBUG https://api.bilibili.com:443 "GET /x/web-interface/view?bvid=BV1q5411o7z6 HTTP/1.1" 200 None
13:09:57 [urllib3.connectionpool] DEBUG https://api.bilibili.com:443 "GET /x/web-interface/view?bvid=BV1JP4y1P7mA HTTP/1.1" 200 None
13:09:57 [urllib3.connectionpool] DEBUG https://api.bilibili.com:443 "GET /x/web-interface/view?bvid=BV1Ym4y1Z7F1 HTTP/1.1" 200 None
13:09:58 [urllib3.connectionpool] DEBUG https://api.bilibili.com:443 "GET /x/web-interface/view?bvid=BV1z34y1y77u HTTP/1.1" 200 None
13:09:58 [urllib3.connectionpool] DEBUG https://api.bilibili.com:443 "GET /x/web-interface/view?bvid=BV1SL4y1x7W4 HTTP/1.1" 200 None
13:09:59 [urllib3.connectionpool] DEBUG https://api.bilibili.com:443 "GET /x/web-interface/view?bvid=BV1Ju411m7hP HTTP/1.1" 200 None
13:09:59 [urllib3.connectionpool] DEBUG https://api.bilibili.com:443 "GET /x/web-interface/view?bvid=BV1qm4y1U7RZ HTTP/1.1" 200 None
13:09:59 [urllib3.connectionpool] DEBUG https://api.bilibili.com:443 "GET /x/web-interface/view?bvid=BV1TS4y1771W HTTP/1.1" 200 None
13:10:00 [urllib3.connectionpool] DEBUG https://api.bilibili.com:443 "GET /x/web-interface/view?bvid=BV1J3411e7XF HTTP/1.1" 200 None
13:10:00 [urllib3.connectionpool] DEBUG https://api.bilibili.com:443 "GET /x/web-interface/view?bvid=BV1eF411i7qW HTTP/1.1" 200 None
13:10:01 [urllib3.connectionpool] DEBUG https://api.bilibili.com:443 "GET /x/web-interface/view?bvid=BV1yb4y1Y7C5 HTTP/1.1" 200 None
13:10:01 [urllib3.connectionpool] DEBUG https://api.bilibili.com:443 "GET /x/web-interface/view?bvid=BV1yb4y1v7m9 HTTP/1.1" 200 None
13:10:02 [urllib3.connectionpool] DEBUG https://api.bilibili.com:443 "GET /x/web-interface/view?bvid=BV1FL41177u2 HTTP/1.1" 200 None
13:10:02 [urllib3.connectionpool] DEBUG https://api.bilibili.com:443 "GET /x/web-interface/view?bvid=BV1uR4y1W7TY HTTP/1.1" 200 None
13:10:02 [urllib3.connectionpool] DEBUG https://api.bilibili.com:443 "GET /x/web-interface/view?bvid=BV1XY411p7BM HTTP/1.1" 200 None
13:10:03 [urllib3.connectionpool] DEBUG https://api.bilibili.com:443 "GET /x/web-interface/view?bvid=BV1wS4y197Lc HTTP/1.1" 200 None
13:10:03 [urllib3.connectionpool] DEBUG https://api.bilibili.com:443 "GET /x/web-interface/view?bvid=BV1xL4y1W7Fx HTTP/1.1" 200 None
13:10:04 [urllib3.connectionpool] DEBUG https://api.bilibili.com:443 "GET /x/web-interface/view?bvid=BV1Fh411t7it HTTP/1.1" 200 None
13:10:06 [urllib3.connectionpool] DEBUG https://api.bilibili.com:443 "GET /x/space/wbi/arc/search?keyword=&mid=52829689&order=pubdate&pn=8&ps=30&tid=0&wts=1771823406&w_rid=1557ebc38162a86a63a6c4283031c75d HTTP/1.1" 200 None
   📄 第 8 页: 发现 30 个视频，正在逐个获取详细数据...
13:10:06 [urllib3.connectionpool] DEBUG https://api.bilibili.com:443 "GET /x/web-interface/view?bvid=BV1qq4y167u9 HTTP/1.1" 200 None
13:10:07 [urllib3.connectionpool] DEBUG https://api.bilibili.com:443 "GET /x/web-interface/view?bvid=BV1jb4y1t7WB HTTP/1.1" 200 None
13:10:07 [urllib3.connectionpool] DEBUG https://api.bilibili.com:443 "GET /x/web-interface/view?bvid=BV1XT4y197jm HTTP/1.1" 200 None
13:10:08 [urllib3.connectionpool] DEBUG https://api.bilibili.com:443 "GET /x/web-interface/view?bvid=BV1dU4y1u7Ut HTTP/1.1" 200 None
13:10:08 [urllib3.connectionpool] DEBUG https://api.bilibili.com:443 "GET /x/web-interface/view?bvid=BV1934y1o7PP HTTP/1.1" 200 None
13:10:09 [urllib3.connectionpool] DEBUG https://api.bilibili.com:443 "GET /x/web-interface/view?bvid=BV1nq4y1r71Z HTTP/1.1" 200 None
13:10:09 [urllib3.connectionpool] DEBUG https://api.bilibili.com:443 "GET /x/web-interface/view?bvid=BV17r4y117Rx HTTP/1.1" 200 None
13:10:10 [urllib3.connectionpool] DEBUG https://api.bilibili.com:443 "GET /x/web-interface/view?bvid=BV1vT4y1R7vp HTTP/1.1" 200 None
13:10:10 [urllib3.connectionpool] DEBUG https://api.bilibili.com:443 "GET /x/web-interface/view?bvid=BV1gF411e7hh HTTP/1.1" 200 None
13:10:10 [urllib3.connectionpool] DEBUG https://api.bilibili.com:443 "GET /x/web-interface/view?bvid=BV1jQ4y1z71W HTTP/1.1" 200 None
13:10:11 [urllib3.connectionpool] DEBUG https://api.bilibili.com:443 "GET /x/web-interface/view?bvid=BV1P44y147xb HTTP/1.1" 200 None
13:10:11 [urllib3.connectionpool] DEBUG https://api.bilibili.com:443 "GET /x/web-interface/view?bvid=BV1Bq4y1d7Jk HTTP/1.1" 200 None
13:10:11 [urllib3.connectionpool] DEBUG https://api.bilibili.com:443 "GET /x/web-interface/view?bvid=BV1Nq4y1572f HTTP/1.1" 200 None
13:10:12 [urllib3.connectionpool] DEBUG https://api.bilibili.com:443 "GET /x/web-interface/view?bvid=BV1Gf4y1c7Am HTTP/1.1" 200 None
13:10:12 [urllib3.connectionpool] DEBUG https://api.bilibili.com:443 "GET /x/web-interface/view?bvid=BV1ph411J73r HTTP/1.1" 200 None
13:10:13 [urllib3.connectionpool] DEBUG https://api.bilibili.com:443 "GET /x/web-interface/view?bvid=BV1rR4y1n7Vb HTTP/1.1" 200 None
13:10:13 [urllib3.connectionpool] DEBUG https://api.bilibili.com:443 "GET /x/web-interface/view?bvid=BV1Zq4y1R7RV HTTP/1.1" 200 None
13:10:14 [urllib3.connectionpool] DEBUG https://api.bilibili.com:443 "GET /x/web-interface/view?bvid=BV1cf4y1J7ED HTTP/1.1" 200 None
13:10:14 [urllib3.connectionpool] DEBUG https://api.bilibili.com:443 "GET /x/web-interface/view?bvid=BV1W44y147wq HTTP/1.1" 200 None
13:10:14 [urllib3.connectionpool] DEBUG https://api.bilibili.com:443 "GET /x/web-interface/view?bvid=BV1uQ4y1k7Q6 HTTP/1.1" 200 None
13:10:15 [urllib3.connectionpool] DEBUG https://api.bilibili.com:443 "GET /x/web-interface/view?bvid=BV1eL411x7KV HTTP/1.1" 200 None
13:10:15 [urllib3.connectionpool] DEBUG https://api.bilibili.com:443 "GET /x/web-interface/view?bvid=BV16q4y1N7sC HTTP/1.1" 200 None
13:10:16 [urllib3.connectionpool] DEBUG https://api.bilibili.com:443 "GET /x/web-interface/view?bvid=BV1ef4y1J7en HTTP/1.1" 200 None
13:10:16 [urllib3.connectionpool] DEBUG https://api.bilibili.com:443 "GET /x/web-interface/view?bvid=BV1E64y1h7AD HTTP/1.1" 200 None
13:10:17 [urllib3.connectionpool] DEBUG https://api.bilibili.com:443 "GET /x/web-interface/view?bvid=BV1jM4y1G7Js HTTP/1.1" 200 None
13:10:17 [urllib3.connectionpool] DEBUG https://api.bilibili.com:443 "GET /x/web-interface/view?bvid=BV1JU4y1P7NC HTTP/1.1" 200 None
13:10:17 [urllib3.connectionpool] DEBUG https://api.bilibili.com:443 "GET /x/web-interface/view?bvid=BV1bf4y1H7N7 HTTP/1.1" 200 None
13:10:18 [urllib3.connectionpool] DEBUG https://api.bilibili.com:443 "GET /x/web-interface/view?bvid=BV1Bh411W7kk HTTP/1.1" 200 None
13:10:18 [urllib3.connectionpool] DEBUG https://api.bilibili.com:443 "GET /x/web-interface/view?bvid=BV1mP4y1p7He HTTP/1.1" 200 None
13:10:19 [urllib3.connectionpool] DEBUG https://api.bilibili.com:443 "GET /x/web-interface/view?bvid=BV11Q4y1Y7w9 HTTP/1.1" 200 None
13:10:21 [urllib3.connectionpool] DEBUG https://api.bilibili.com:443 "GET /x/space/wbi/arc/search?keyword=&mid=52829689&order=pubdate&pn=9&ps=30&tid=0&wts=1771823421&w_rid=1e3cc905e437c32d3b80eeb81ed00c1b HTTP/1.1" 200 None
   📄 第 9 页: 发现 29 个视频，正在逐个获取详细数据...
13:10:21 [urllib3.connectionpool] DEBUG https://api.bilibili.com:443 "GET /x/web-interface/view?bvid=BV19f4y1P7hh HTTP/1.1" 200 None
13:10:21 [urllib3.connectionpool] DEBUG https://api.bilibili.com:443 "GET /x/web-interface/view?bvid=BV1f3411z7oM HTTP/1.1" 200 None
13:10:21 [urllib3.connectionpool] DEBUG https://api.bilibili.com:443 "GET /x/web-interface/view?bvid=BV1nf4y137fw HTTP/1.1" 200 None
13:10:22 [urllib3.connectionpool] DEBUG https://api.bilibili.com:443 "GET /x/web-interface/view?bvid=BV1Xq4y1Q7Q7 HTTP/1.1" 200 None
13:10:22 [urllib3.connectionpool] DEBUG https://api.bilibili.com:443 "GET /x/web-interface/view?bvid=BV1zb4y1z7EJ HTTP/1.1" 200 None
13:10:23 [urllib3.connectionpool] DEBUG https://api.bilibili.com:443 "GET /x/web-interface/view?bvid=BV1rU4y1J7hP HTTP/1.1" 200 None
13:10:23 [urllib3.connectionpool] DEBUG https://api.bilibili.com:443 "GET /x/web-interface/view?bvid=BV1so4y1S7j1 HTTP/1.1" 200 None
13:10:23 [urllib3.connectionpool] DEBUG https://api.bilibili.com:443 "GET /x/web-interface/view?bvid=BV19P4y1s7tZ HTTP/1.1" 200 None
13:10:24 [urllib3.connectionpool] DEBUG https://api.bilibili.com:443 "GET /x/web-interface/view?bvid=BV1vq4y1p7gu HTTP/1.1" 200 None
13:10:24 [urllib3.connectionpool] DEBUG https://api.bilibili.com:443 "GET /x/web-interface/view?bvid=BV16X4y1c7dA HTTP/1.1" 200 None
13:10:25 [urllib3.connectionpool] DEBUG https://api.bilibili.com:443 "GET /x/web-interface/view?bvid=BV1cb4y1r7XJ HTTP/1.1" 200 None
13:10:25 [urllib3.connectionpool] DEBUG https://api.bilibili.com:443 "GET /x/web-interface/view?bvid=BV1pP4y147fi HTTP/1.1" 200 None
13:10:25 [urllib3.connectionpool] DEBUG https://api.bilibili.com:443 "GET /x/web-interface/view?bvid=BV1rw411d7FA HTTP/1.1" 200 None
13:10:26 [urllib3.connectionpool] DEBUG https://api.bilibili.com:443 "GET /x/web-interface/view?bvid=BV1R64y147QX HTTP/1.1" 200 None
13:10:26 [urllib3.connectionpool] DEBUG https://api.bilibili.com:443 "GET /x/web-interface/view?bvid=BV1q44y1q7Mr HTTP/1.1" 200 None
13:10:27 [urllib3.connectionpool] DEBUG https://api.bilibili.com:443 "GET /x/web-interface/view?bvid=BV1xX4y1w7MS HTTP/1.1" 200 None
13:10:27 [urllib3.connectionpool] DEBUG https://api.bilibili.com:443 "GET /x/web-interface/view?bvid=BV1mb4y1C7Q8 HTTP/1.1" 200 None
13:10:28 [urllib3.connectionpool] DEBUG https://api.bilibili.com:443 "GET /x/web-interface/view?bvid=BV1Rh41187QV HTTP/1.1" 200 None
13:10:28 [urllib3.connectionpool] DEBUG https://api.bilibili.com:443 "GET /x/web-interface/view?bvid=BV1cM4y1g7Wv HTTP/1.1" 200 None
13:10:28 [urllib3.connectionpool] DEBUG https://api.bilibili.com:443 "GET /x/web-interface/view?bvid=BV1Df4y187Ek HTTP/1.1" 200 None
13:10:29 [urllib3.connectionpool] DEBUG https://api.bilibili.com:443 "GET /x/web-interface/view?bvid=BV1qb4y1d73P HTTP/1.1" 200 None
13:10:29 [urllib3.connectionpool] DEBUG https://api.bilibili.com:443 "GET /x/web-interface/view?bvid=BV11v411G725 HTTP/1.1" 200 None
13:10:30 [urllib3.connectionpool] DEBUG https://api.bilibili.com:443 "GET /x/web-interface/view?bvid=BV1Co4y1179M HTTP/1.1" 200 None
13:10:30 [urllib3.connectionpool] DEBUG https://api.bilibili.com:443 "GET /x/web-interface/view?bvid=BV1uU4y1b7A6 HTTP/1.1" 200 None
13:10:30 [urllib3.connectionpool] DEBUG https://api.bilibili.com:443 "GET /x/web-interface/view?bvid=BV14o4y1m7RX HTTP/1.1" 200 None
13:10:31 [urllib3.connectionpool] DEBUG https://api.bilibili.com:443 "GET /x/web-interface/view?bvid=BV1864y117aM HTTP/1.1" 200 None
13:10:32 [urllib3.connectionpool] DEBUG https://api.bilibili.com:443 "GET /x/web-interface/view?bvid=BV1tv411j7rX HTTP/1.1" 200 None
13:10:32 [urllib3.connectionpool] DEBUG https://api.bilibili.com:443 "GET /x/web-interface/view?bvid=BV1L64y1174k HTTP/1.1" 200 None
13:10:32 [urllib3.connectionpool] DEBUG https://api.bilibili.com:443 "GET /x/web-interface/view?bvid=BV1qV411J7ve HTTP/1.1" 200 None
13:10:34 [urllib3.connectionpool] DEBUG https://api.bilibili.com:443 "GET /x/space/wbi/arc/search?keyword=&mid=52829689&order=pubdate&pn=10&ps=30&tid=0&wts=1771823435&w_rid=d24c9f78dc6aae6d181c802c13e4f260 HTTP/1.1" 200 None

✅ 扫描完成！共获取 269 条详细数据。
